bog
wwg
rrw
ggo gyy rbr yow
ggo grr wbr yow
oor www oby obb
yyb
yyb
grb

boo
www
rrr
ggg yrw bbr yow
ggg yrw bbr yow
oow ggw bby obb
yyo
yyo
grr

www
www
rrr
ggg yrr bbb oow
ggg yrr bbb oow
oow ggg yrr bbb
yyo
yyo
yyo

www
www
rrr
ggg yrr bbb oow
ggg yrr bbb oow
ggg yrr bbb oow
ooo
yyy
yyy

www
www
www
ggg rrr bbb ooo
ggg rrr bbb ooo
ggg rrr bbb ooo
yyy
yyy
yyy
