341
551
225
114 166 232 645
114 122 532 645
442 555 436 433
663
663
123

344
555
222
111 625 332 645
111 625 332 645
445 115 336 433
664
664
122

555
555
222
111 622 333 445
111 622 333 445
445 111 622 333
664
664
664

555
555
222
111 622 333 445
111 622 333 445
111 622 333 445
444
666
666

555
555
555
111 222 333 444
111 222 333 444
111 222 333 444
666
666
666
