462
255
155
533 443 541 532
111 226 131 544
336 436 126 322
661
664
452

355
255
155
533 444 116 432
111 226 432 544
336 432 511 222
661
664
663

123
555
555
444 116 432 533
111 226 432 544
336 432 511 222
661
664
663

123
555
555
444 116 432 533
111 226 432 544
222 336 432 511
666
666
341

555
555
555
444 111 222 333
111 222 333 444
222 333 444 111
666
666
666

555
555
555
111 222 333 444
111 222 333 444
222 333 444 111
666
666
666

555
555
555
111 222 333 444
111 222 333 444
111 222 333 444
666
666
666
