ywb
gwo
gwo
orw bbr yog oww
ygo yrw bbr gob
ggo ygw bbr gyy
rob
ryy
wrr

rwb
rwo
gwo
yrw bbr yow ggo
ggo yrw bbr yow
ggo ygw bbr ybw
oob
yyy
grr

boo
www
rrg
ggo yrw bbr yow
ggo yrw bbr yow
ggo ygw bbr ybw
oob
yyy
grr

www
www
rrg
ggo yrr bbb oow
ggo yrr bbb oow
ggo ygg rrr bbw
oob
yyy
yyy

www
www
www
ggg rrr bbb ooo
ggg rrr bbb ooo
ooo ggg rrr bbb
yyy
yyy
yyy

www
www
www
ggg rrr bbb ooo
ggg rrr bbb ooo
ggg rrr bbb ooo
yyy
yyy
yyy
