oyr
rww
gww
wbb oob wog wbr
ggg rry gbg woo
bby oby gry brr
yyg
yyo
owr

bww
rww
gww
wbb ooo ggy obr
ggg rry obr woo
bby obr wgg rrr
yyg
yyo
yyb

grb
www
www
ooo ggy obr wbb
ggg rry obr woo
bby obr wgg rrr
yyg
yyo
yyb

grb
www
www
ooo ggy obr wbb
ggg rry obr woo
rrr bby obr wgg
yyy
yyy
bog

www
www
www
ooo ggg rrr bbb
ggg rrr bbb ooo
rrr bbb ooo ggg
yyy
yyy
yyy

www
www
www
ggg rrr bbb ooo
ggg rrr bbb ooo
rrr bbb ooo ggg
yyy
yyy
yyy

www
www
www
ggg rrr bbb ooo
ggg rrr bbb ooo
ggg rrr bbb ooo
yyy
yyy
yyy
